------------------------------------------------------------
TimeQuest Timing Analyzer Summary
------------------------------------------------------------

Type  : Slow 1200mV 85C Model Setup 'E.TFT_comp_0'
Slack : -2.102
TNS   : -2.102

Type  : Slow 1200mV 85C Model Setup 'CK'
Slack : -1.922
TNS   : -10.853

Type  : Slow 1200mV 85C Model Hold 'CK'
Slack : 0.402
TNS   : 0.000

Type  : Slow 1200mV 85C Model Hold 'E.TFT_comp_0'
Slack : 1.849
TNS   : 0.000

Type  : Slow 1200mV 85C Model Minimum Pulse Width 'CK'
Slack : -3.000
TNS   : -32.555

Type  : Slow 1200mV 85C Model Minimum Pulse Width 'E.TFT_comp_0'
Slack : 0.390
TNS   : 0.000

Type  : Slow 1200mV 0C Model Setup 'E.TFT_comp_0'
Slack : -1.916
TNS   : -1.916

Type  : Slow 1200mV 0C Model Setup 'CK'
Slack : -1.721
TNS   : -8.186

Type  : Slow 1200mV 0C Model Hold 'CK'
Slack : 0.353
TNS   : 0.000

Type  : Slow 1200mV 0C Model Hold 'E.TFT_comp_0'
Slack : 1.788
TNS   : 0.000

Type  : Slow 1200mV 0C Model Minimum Pulse Width 'CK'
Slack : -3.000
TNS   : -32.555

Type  : Slow 1200mV 0C Model Minimum Pulse Width 'E.TFT_comp_0'
Slack : 0.419
TNS   : 0.000

Type  : Fast 1200mV 0C Model Setup 'E.TFT_comp_0'
Slack : -0.845
TNS   : -0.845

Type  : Fast 1200mV 0C Model Setup 'CK'
Slack : -0.729
TNS   : -2.123

Type  : Fast 1200mV 0C Model Hold 'CK'
Slack : 0.181
TNS   : 0.000

Type  : Fast 1200mV 0C Model Hold 'E.TFT_comp_0'
Slack : 1.202
TNS   : 0.000

Type  : Fast 1200mV 0C Model Minimum Pulse Width 'CK'
Slack : -3.000
TNS   : -27.370

Type  : Fast 1200mV 0C Model Minimum Pulse Width 'E.TFT_comp_0'
Slack : 0.421
TNS   : 0.000

------------------------------------------------------------
